
> nextn@0.1.0 build
> NODE_ENV=production next build

 ⚠ Warning: Next.js inferred your workspace root, but it may not be correct.
 We detected multiple lockfiles and selected the directory of /Users/wildanbelfiore/package-lock.json as the root directory.
 To silence this warning, set `outputFileTracingRoot` in your Next.js config, or consider removing one of the lockfiles if it's not needed.
   See https://nextjs.org/docs/app/api-reference/config/next-config-js/output#caveats for more information.
 Detected additional lockfiles: 
   * /Users/wildanbelfiore/pdmatech/package-lock.json

   ▲ Next.js 15.5.18
   - Environments: .env

   Creating an optimized production build ...
 ✓ Compiled successfully in 31.7s
   Skipping validation of types
   Skipping linting
   Collecting page data ...
   Generating static pages (0/68) ...
   Generating static pages (17/68) 
   Generating static pages (34/68) 
   Generating static pages (51/68) 
 ✓ Generating static pages (68/68)
   Finalizing page optimization ...
   Collecting build traces ...

Route (app)                                 Size  First Load JS
┌ ○ /_not-found                             1 kB         103 kB
├ ● /[lang]                              7.91 kB         166 kB
├   ├ /en
├   ├ /id
├   └ /zh
├ ● /[lang]/about/company                10.9 kB         132 kB
├   ├ /en/about/company
├   ├ /id/about/company
├   └ /zh/about/company
├ ● /[lang]/about/people                 2.25 kB         123 kB
├   ├ /en/about/people
├   ├ /id/about/people
├   └ /zh/about/people
├ ● /[lang]/about/privacy                2.21 kB         116 kB
├   ├ /en/about/privacy
├   ├ /id/about/privacy
├   └ /zh/about/privacy
├ ● /[lang]/career                       1.39 kB         122 kB
├   ├ /en/career
├   ├ /id/career
├   └ /zh/career
├ ƒ /[lang]/career/[id]                  8.45 kB         148 kB
├ ● /[lang]/contact                      1.25 kB         154 kB
├   ├ /en/contact
├   ├ /id/contact
├   └ /zh/contact
├ ● /[lang]/ict-solutions/enterprise       943 B         124 kB
├   ├ /en/ict-solutions/enterprise
├   ├ /id/ict-solutions/enterprise
├   └ /zh/ict-solutions/enterprise
├ ● /[lang]/ict-solutions/iot            1.41 kB         122 kB
├   ├ /en/ict-solutions/iot
├   ├ /id/ict-solutions/iot
├   └ /zh/ict-solutions/iot
├ ● /[lang]/ict-solutions/umkm           1.41 kB         122 kB
├   ├ /en/ict-solutions/umkm
├   ├ /id/ict-solutions/umkm
├   └ /zh/ict-solutions/umkm
├ ● /[lang]/ict-solutions/web              943 B         124 kB
├   ├ /en/ict-solutions/web
├   ├ /id/ict-solutions/web
├   └ /zh/ict-solutions/web
├ ● /[lang]/insight/article                969 B         122 kB
├   ├ /en/insight/article
├   ├ /id/insight/article
├   └ /zh/insight/article
├ ƒ /[lang]/insight/article/[slug]         969 B         122 kB
├ ● /[lang]/insight/brochure             1.41 kB         122 kB
├   ├ /en/insight/brochure
├   ├ /id/insight/brochure
├   └ /zh/insight/brochure
├ ● /[lang]/insight/news                   969 B         122 kB
├   ├ /en/insight/news
├   ├ /id/insight/news
├   └ /zh/insight/news
├ ƒ /[lang]/insight/news/[slug]            969 B         122 kB
├ ● /[lang]/insight/use-case             1.41 kB         122 kB
├   ├ /en/insight/use-case
├   ├ /id/insight/use-case
├   └ /zh/insight/use-case
├ ● /[lang]/investor                     1.39 kB         122 kB
├   ├ /en/investor
├   ├ /id/investor
├   └ /zh/investor
├ ƒ /[lang]/p/[slug]                     1.51 kB         130 kB
├ ● /[lang]/program/website-1jt            932 B         124 kB
├   ├ /en/program/website-1jt
├   ├ /id/program/website-1jt
├   └ /zh/program/website-1jt
├ ● /[lang]/program/website-murah          932 B         124 kB
├   ├ /en/program/website-murah
├   ├ /id/program/website-murah
├   └ /zh/program/website-murah
├ ƒ /api/media/[id]                        152 B         102 kB
├ ○ /cms/articles                        3.29 kB         160 kB
├ ○ /cms/brochures                       2.45 kB         150 kB
├ ○ /cms/career                          6.08 kB         157 kB
├ ○ /cms/dashboard                        107 kB         218 kB
├ ○ /cms/inquiries                       5.51 kB         137 kB
├ ○ /cms/investor-relations              2.39 kB         150 kB
├ ○ /cms/login                            3.6 kB         114 kB
├ ○ /cms/media                           4.54 kB         142 kB
├ ○ /cms/navigation                      4.39 kB         155 kB
├ ○ /cms/news                            3.35 kB         160 kB
├ ○ /cms/pages                             17 kB         188 kB
├ ○ /robots.txt                            152 B         102 kB
└ ○ /sitemap.xml                           152 B         102 kB
+ First Load JS shared by all             102 kB
  ├ chunks/1255-eae4096fb21f1304.js        46 kB
  ├ chunks/4bd1b696-100b9d70ed4e49c1.js  54.2 kB
  └ other shared chunks (total)          2.02 kB


ƒ Middleware                             41.3 kB

○  (Static)   prerendered as static content
●  (SSG)      prerendered as static HTML (uses generateStaticParams)
ƒ  (Dynamic)  server-rendered on demand

